<html>
<body>
<pre>
<h1>µVision Build Log</h1>
<h2>Tool Versions:</h2>
IDE-Version: µVision V5.37.0.0
Copyright (C) 2022 ARM Ltd and ARM Germany GmbH. All rights reserved.
License Information: Tony Le, NA, LIC=----
 
Tool Versions:
Toolchain:       MDK-Lite  Version: 5.37.0.0
Toolchain Path:  C:\Keil_v5\ARM\ARMCLANG\Bin
C Compiler:      ArmClang.exe V6.18
Assembler:       Armasm.exe V6.18
Linker/Locator:  ArmLink.exe V6.18
Library Manager: ArmAr.exe V6.18
Hex Converter:   FromElf.exe V6.18
CPU DLL:         SARMCM3.DLL V5.37.0.0
Dialog DLL:      DCM.DLL V1.17.5.0
Target DLL:      UL2CM3.DLL V1.164.7.0
Dialog DLL:      TCM.DLL V1.56.1.0
 
<h2>Project:</h2>
C:\Users\Tony\Desktop\CSS422 ARM stuff\Final Project\FinalProject.uvprojx
Project File Date:  12/13/2022

<h2>Output:</h2>
*** Using Compiler 'V6.18', folder: 'C:\Keil_v5\ARM\ARMCLANG\Bin'
Rebuild target 'Target 1'
Note: source file '.\heap.s' - object file renamed from '.\Objects\heap.o' to '.\Objects\heap_1.o'.
Note: source file '.\heap.s' - object file renamed from '.\Objects\heap.o' to '.\Objects\heap_1.o'.
driver_keil.c(14): warning: // comments are not allowed in this language [-Wcomment]
// some assemblers will complain about mixing declaration with use
^
driver_keil.c(49): warning: no newline at end of file [-Wnewline-eof]
}
 ^
driver_keil.c(11): warning: no previous prototype for function '__main' [-Wmissing-prototypes]
int __main( ) {
    ^
driver_keil.c(11): note: declare 'static' if the function is not intended to be used outside of this translation unit
int __main( ) {
^
static 
driver_keil.c(11): warning: this old-style function definition is not preceded by a prototype [-Wstrict-prototypes]
int __main( ) {
          ^
4 warnings generated.
compiling driver_keil.c...
RTE/Device/TM4C129XNCZAD/system_TM4C129.c(14): warning: In file included from...
C:/Users/Tony/AppData/Local/Arm/Packs/Keil/TM4C_DFP/1.1.0/Device/Include/TM4C129\TM4C129.h(54): warning: In file included from...
C:/Users/Tony/AppData/Local/Arm/Packs/Keil/TM4C_DFP/1.1.0/Device/Include/TM4C129/TM4C129XNCZAD.h(284): warning: anonymous unions are a C11 extension [-Wc11-extensions]
  union {
  ^
C:/Users/Tony/AppData/Local/Arm/Packs/Keil/TM4C_DFP/1.1.0/Device/Include/TM4C129/TM4C129XNCZAD.h(324): warning: anonymous unions are a C11 extension [-Wc11-extensions]
  union {
  ^
C:/Users/Tony/AppData/Local/Arm/Packs/Keil/TM4C_DFP/1.1.0/Device/Include/TM4C129/TM4C129XNCZAD.h(343): warning: anonymous unions are a C11 extension [-Wc11-extensions]
  union {
  ^
C:/Users/Tony/AppData/Local/Arm/Packs/Keil/TM4C_DFP/1.1.0/Device/Include/TM4C129/TM4C129XNCZAD.h(676): warning: anonymous unions are a C11 extension [-Wc11-extensions]
  union {
  ^
C:/Users/Tony/AppData/Local/Arm/Packs/Keil/TM4C_DFP/1.1.0/Device/Include/TM4C129/TM4C129XNCZAD.h(692): warning: anonymous unions are a C11 extension [-Wc11-extensions]
  union {
  ^
C:/Users/Tony/AppData/Local/Arm/Packs/Keil/TM4C_DFP/1.1.0/Device/Include/TM4C129/TM4C129XNCZAD.h(737): warning: anonymous unions are a C11 extension [-Wc11-extensions]
  union {
  ^
C:/Users/Tony/AppData/Local/Arm/Packs/Keil/TM4C_DFP/1.1.0/Device/Include/TM4C129/TM4C129XNCZAD.h(742): warning: anonymous unions are a C11 extension [-Wc11-extensions]
  union {
  ^
C:/Users/Tony/AppData/Local/Arm/Packs/Keil/TM4C_DFP/1.1.0/Device/Include/TM4C129/TM4C129XNCZAD.h(844): warning: anonymous unions are a C11 extension [-Wc11-extensions]
  union {
  ^
C:/Users/Tony/AppData/Local/Arm/Packs/Keil/TM4C_DFP/1.1.0/Device/Include/TM4C129/TM4C129XNCZAD.h(857): warning: anonymous unions are a C11 extension [-Wc11-extensions]
  union {
  ^
C:/Users/Tony/AppData/Local/Arm/Packs/Keil/TM4C_DFP/1.1.0/Device/Include/TM4C129/TM4C129XNCZAD.h(864): warning: anonymous unions are a C11 extension [-Wc11-extensions]
  union {
  ^
C:/Users/Tony/AppData/Local/Arm/Packs/Keil/TM4C_DFP/1.1.0/Device/Include/TM4C129/TM4C129XNCZAD.h(869): warning: anonymous unions are a C11 extension [-Wc11-extensions]
  union {
  ^
C:/Users/Tony/AppData/Local/Arm/Packs/Keil/TM4C_DFP/1.1.0/Device/Include/TM4C129/TM4C129XNCZAD.h(876): warning: anonymous unions are a C11 extension [-Wc11-extensions]
  union {
  ^
C:/Users/Tony/AppData/Local/Arm/Packs/Keil/TM4C_DFP/1.1.0/Device/Include/TM4C129/TM4C129XNCZAD.h(882): warning: anonymous unions are a C11 extension [-Wc11-extensions]
  union {
  ^
C:/Users/Tony/AppData/Local/Arm/Packs/Keil/TM4C_DFP/1.1.0/Device/Include/TM4C129/TM4C129XNCZAD.h(889): warning: anonymous unions are a C11 extension [-Wc11-extensions]
  union {
  ^
C:/Users/Tony/AppData/Local/Arm/Packs/Keil/TM4C_DFP/1.1.0/Device/Include/TM4C129/TM4C129XNCZAD.h(896): warning: anonymous unions are a C11 extension [-Wc11-extensions]
  union {
  ^
C:/Users/Tony/AppData/Local/Arm/Packs/Keil/TM4C_DFP/1.1.0/Device/Include/TM4C129/TM4C129XNCZAD.h(901): warning: anonymous unions are a C11 extension [-Wc11-extensions]
  union {
  ^
C:/Users/Tony/AppData/Local/Arm/Packs/Keil/TM4C_DFP/1.1.0/Device/Include/TM4C129/TM4C129XNCZAD.h(908): warning: anonymous unions are a C11 extension [-Wc11-extensions]
  union {
  ^
C:/Users/Tony/AppData/Local/Arm/Packs/Keil/TM4C_DFP/1.1.0/Device/Include/TM4C129/TM4C129XNCZAD.h(914): warning: anonymous unions are a C11 extension [-Wc11-extensions]
  union {
  ^
C:/Users/Tony/AppData/Local/Arm/Packs/Keil/TM4C_DFP/1.1.0/Device/Include/TM4C129/TM4C129XNCZAD.h(921): warning: anonymous unions are a C11 extension [-Wc11-extensions]
  union {
  ^
C:/Users/Tony/AppData/Local/Arm/Packs/Keil/TM4C_DFP/1.1.0/Device/Include/TM4C129/TM4C129XNCZAD.h(928): warning: anonymous unions are a C11 extension [-Wc11-extensions]
  union {
  ^
C:/Users/Tony/AppData/Local/Arm/Packs/Keil/TM4C_DFP/1.1.0/Device/Include/TM4C129/TM4C129XNCZAD.h(933): warning: anonymous unions are a C11 extension [-Wc11-extensions]
  union {
  ^
C:/Users/Tony/AppData/Local/Arm/Packs/Keil/TM4C_DFP/1.1.0/Device/Include/TM4C129/TM4C129XNCZAD.h(940): warning: anonymous unions are a C11 extension [-Wc11-extensions]
  union {
  ^
C:/Users/Tony/AppData/Local/Arm/Packs/Keil/TM4C_DFP/1.1.0/Device/Include/TM4C129/TM4C129XNCZAD.h(946): warning: anonymous unions are a C11 extension [-Wc11-extensions]
  union {
  ^
C:/Users/Tony/AppData/Local/Arm/Packs/Keil/TM4C_DFP/1.1.0/Device/Include/TM4C129/TM4C129XNCZAD.h(953): warning: anonymous unions are a C11 extension [-Wc11-extensions]
  union {
  ^
C:/Users/Tony/AppData/Local/Arm/Packs/Keil/TM4C_DFP/1.1.0/Device/Include/TM4C129/TM4C129XNCZAD.h(960): warning: anonymous unions are a C11 extension [-Wc11-extensions]
  union {
  ^
C:/Users/Tony/AppData/Local/Arm/Packs/Keil/TM4C_DFP/1.1.0/Device/Include/TM4C129/TM4C129XNCZAD.h(965): warning: anonymous unions are a C11 extension [-Wc11-extensions]
  union {
  ^
C:/Users/Tony/AppData/Local/Arm/Packs/Keil/TM4C_DFP/1.1.0/Device/Include/TM4C129/TM4C129XNCZAD.h(972): warning: anonymous unions are a C11 extension [-Wc11-extensions]
  union {
  ^
C:/Users/Tony/AppData/Local/Arm/Packs/Keil/TM4C_DFP/1.1.0/Device/Include/TM4C129/TM4C129XNCZAD.h(978): warning: anonymous unions are a C11 extension [-Wc11-extensions]
  union {
  ^
C:/Users/Tony/AppData/Local/Arm/Packs/Keil/TM4C_DFP/1.1.0/Device/Include/TM4C129/TM4C129XNCZAD.h(985): warning: anonymous unions are a C11 extension [-Wc11-extensions]
  union {
  ^
C:/Users/Tony/AppData/Local/Arm/Packs/Keil/TM4C_DFP/1.1.0/Device/Include/TM4C129/TM4C129XNCZAD.h(992): warning: anonymous unions are a C11 extension [-Wc11-extensions]
  union {
  ^
C:/Users/Tony/AppData/Local/Arm/Packs/Keil/TM4C_DFP/1.1.0/Device/Include/TM4C129/TM4C129XNCZAD.h(997): warning: anonymous unions are a C11 extension [-Wc11-extensions]
  union {
  ^
C:/Users/Tony/AppData/Local/Arm/Packs/Keil/TM4C_DFP/1.1.0/Device/Include/TM4C129/TM4C129XNCZAD.h(1004): warning: anonymous unions are a C11 extension [-Wc11-extensions]
  union {
  ^
C:/Users/Tony/AppData/Local/Arm/Packs/Keil/TM4C_DFP/1.1.0/Device/Include/TM4C129/TM4C129XNCZAD.h(1010): warning: anonymous unions are a C11 extension [-Wc11-extensions]
  union {
  ^
C:/Users/Tony/AppData/Local/Arm/Packs/Keil/TM4C_DFP/1.1.0/Device/Include/TM4C129/TM4C129XNCZAD.h(1017): warning: anonymous unions are a C11 extension [-Wc11-extensions]
  union {
  ^
C:/Users/Tony/AppData/Local/Arm/Packs/Keil/TM4C_DFP/1.1.0/Device/Include/TM4C129/TM4C129XNCZAD.h(1024): warning: anonymous unions are a C11 extension [-Wc11-extensions]
  union {
  ^
C:/Users/Tony/AppData/Local/Arm/Packs/Keil/TM4C_DFP/1.1.0/Device/Include/TM4C129/TM4C129XNCZAD.h(1029): warning: anonymous unions are a C11 extension [-Wc11-extensions]
  union {
  ^
C:/Users/Tony/AppData/Local/Arm/Packs/Keil/TM4C_DFP/1.1.0/Device/Include/TM4C129/TM4C129XNCZAD.h(1036): warning: anonymous unions are a C11 extension [-Wc11-extensions]
  union {
  ^
C:/Users/Tony/AppData/Local/Arm/Packs/Keil/TM4C_DFP/1.1.0/Device/Include/TM4C129/TM4C129XNCZAD.h(1042): warning: anonymous unions are a C11 extension [-Wc11-extensions]
  union {
  ^
C:/Users/Tony/AppData/Local/Arm/Packs/Keil/TM4C_DFP/1.1.0/Device/Include/TM4C129/TM4C129XNCZAD.h(1049): warning: anonymous unions are a C11 extension [-Wc11-extensions]
  union {
  ^
C:/Users/Tony/AppData/Local/Arm/Packs/Keil/TM4C_DFP/1.1.0/Device/Include/TM4C129/TM4C129XNCZAD.h(1056): warning: anonymous unions are a C11 extension [-Wc11-extensions]
  union {
  ^
C:/Users/Tony/AppData/Local/Arm/Packs/Keil/TM4C_DFP/1.1.0/Device/Include/TM4C129/TM4C129XNCZAD.h(1061): warning: anonymous unions are a C11 extension [-Wc11-extensions]
  union {
  ^
C:/Users/Tony/AppData/Local/Arm/Packs/Keil/TM4C_DFP/1.1.0/Device/Include/TM4C129/TM4C129XNCZAD.h(1068): warning: anonymous unions are a C11 extension [-Wc11-extensions]
  union {
  ^
C:/Users/Tony/AppData/Local/Arm/Packs/Keil/TM4C_DFP/1.1.0/Device/Include/TM4C129/TM4C129XNCZAD.h(1074): warning: anonymous unions are a C11 extension [-Wc11-extensions]
  union {
  ^
C:/Users/Tony/AppData/Local/Arm/Packs/Keil/TM4C_DFP/1.1.0/Device/Include/TM4C129/TM4C129XNCZAD.h(1291): warning: anonymous unions are a C11 extension [-Wc11-extensions]
  union {
  ^
C:/Users/Tony/AppData/Local/Arm/Packs/Keil/TM4C_DFP/1.1.0/Device/Include/TM4C129/TM4C129XNCZAD.h(1298): warning: anonymous unions are a C11 extension [-Wc11-extensions]
  union {
  ^
C:/Users/Tony/AppData/Local/Arm/Packs/Keil/TM4C_DFP/1.1.0/Device/Include/TM4C129/TM4C129XNCZAD.h(1334): warning: anonymous unions are a C11 extension [-Wc11-extensions]
  union {
  ^
C:/Users/Tony/AppData/Local/Arm/Packs/Keil/TM4C_DFP/1.1.0/Device/Include/TM4C129/TM4C129XNCZAD.h(1339): warning: anonymous unions are a C11 extension [-Wc11-extensions]
  union {
  ^
C:/Users/Tony/AppData/Local/Arm/Packs/Keil/TM4C_DFP/1.1.0/Device/Include/TM4C129/TM4C129XNCZAD.h(1344): warning: anonymous unions are a C11 extension [-Wc11-extensions]
  union {
  ^
C:/Users/Tony/AppData/Local/Arm/Packs/Keil/TM4C_DFP/1.1.0/Device/Include/TM4C129/TM4C129XNCZAD.h(1349): warning: anonymous unions are a C11 extension [-Wc11-extensions]
  union {
  ^
C:/Users/Tony/AppData/Local/Arm/Packs/Keil/TM4C_DFP/1.1.0/Device/Include/TM4C129/TM4C129XNCZAD.h(1354): warning: anonymous unions are a C11 extension [-Wc11-extensions]
  union {
  ^
C:/Users/Tony/AppData/Local/Arm/Packs/Keil/TM4C_DFP/1.1.0/Device/Include/TM4C129/TM4C129XNCZAD.h(1359): warning: anonymous unions are a C11 extension [-Wc11-extensions]
  union {
  ^
51 warnings generated.
compiling system_TM4C129.c...
assembling startup_TM4C129.s...
assembling stdlib.s...
assembling heap.s...
"svc.s", line 77: Warning: A1581W: Added 2 bytes of padding at address 0x4e
   77 00000050   END
0 Errors, 1 Warning
assembling svc.s...
linking...
Program Size: Code=1526 RO-data=554 RW-data=4 ZI-data=24576  
".\Objects\FinalProject.axf" - 0 Error(s), 55 Warning(s).

<h2>Software Packages used:</h2>

Package Vendor: ARM
                http://www.keil.com/pack/ARM.CMSIS.5.9.0.pack
                ARM.CMSIS.5.9.0
                CMSIS (Common Microcontroller Software Interface Standard)
   * Component: CORE Version: 5.6.0

Package Vendor: Keil
                http://www.keil.com/pack/Keil.TM4C_DFP.1.1.0.pack
                Keil.TM4C_DFP.1.1.0
                Texas Instruments Tiva C Series Device Support and Examples
   * Component: Startup Version: 1.0.0

<h2>Collection of Component include folders:</h2>
  ./RTE/_Target_1
  C:/Users/Tony/AppData/Local/Arm/Packs/ARM/CMSIS/5.9.0/CMSIS/Core/Include
  C:/Users/Tony/AppData/Local/Arm/Packs/Keil/TM4C_DFP/1.1.0/Device/Include/TM4C129

<h2>Collection of Component Files used:</h2>

   * Component: ARM::CMSIS:CORE:5.6.0

   * Component: Keil::Device:Startup:1.0.0
      Source file:   Device/Source/system_TM4C129.c
      Source file:   Device/Source/ARM/startup_TM4C129.s
      Include file:  Device/Include/TM4C129/TM4C129.h
Build Time Elapsed:  00:00:00
</pre>
</body>
</html>
